// Jest Snapshot v1, https://goo.gl/fbAQLP

exports[`should match the snapshot with all data passed in correctly 1`] = `
<nav
  className="history"
>
  <h2>
    Search history
  </h2>
  <ul>
    <HistoryItem
      changeCity={[MockFunction]}
      cityName="Denver"
      fetchWeatherData={[MockFunction]}
      key="Denver"
      toggleActiveState={[MockFunction]}
    />
    <HistoryItem
      changeCity={[MockFunction]}
      cityName="Phoenix"
      fetchWeatherData={[MockFunction]}
      key="Phoenix"
      toggleActiveState={[MockFunction]}
    />
  </ul>
</nav>
`;
